; Floor(.)
; Barrier(#)
; Wall (‡)
; Gate (x)
; One way (< or > or ^ or v)
; Start/Goal (S/G or [a-z]/[A-Z])

[24,24]

>‡‡‡‡‡‡‡‡‡‡‡‡‡‡‡‡‡‡‡‡‡‡‡‡‡‡‡‡‡‡‡‡‡‡‡‡‡‡‡‡‡‡‡‡‡‡‡‡‡
>‡. . . . . .‡#‡. . . . . . . . . . . . . . . . .‡
>‡ ‡‡‡‡‡‡‡‡‡ ‡‡‡‡‡‡‡‡‡‡‡‡‡ ‡‡‡‡‡‡‡ ‡‡‡‡‡‡‡ ‡‡‡‡‡‡‡
>‡.‡#‡#‡#‡#‡.‡#‡#‡#‡#‡#‡#‡.‡#‡#‡#‡.‡#‡#‡#‡.‡#‡#‡#‡
>‡ ‡‡‡‡‡‡‡‡‡ ‡‡‡‡‡‡‡‡‡‡‡‡‡ ‡‡‡‡‡‡‡‡‡‡‡‡‡‡‡ ‡‡‡‡‡‡‡
>‡. .‡#‡. . .‡#‡. . . . . . . .‡#‡#‡. . . .‡#‡b .‡
>‡‡‡ ‡‡‡ ‡‡‡‡‡‡‡‡‡‡‡ ‡‡‡ ‡‡‡‡‡‡‡‡‡‡‡ ‡‡‡‡‡‡‡‡‡‡‡ ‡
>‡#‡a‡#‡.‡#‡#‡#‡#‡#‡.‡#‡.‡#‡#‡#‡#‡#‡.‡#‡#‡#‡#‡#‡.‡
>‡‡‡‡‡‡‡ ‡‡‡‡‡‡‡‡‡‡‡‡‡‡‡ ‡‡‡‡‡‡‡‡‡‡‡ ‡‡‡‡‡‡‡‡‡‡‡ ‡
>‡#‡#‡#‡.‡#‡. . . .‡#‡#‡. . . . . . .‡#‡. . .‡#‡.‡
>‡‡‡‡‡‡‡ ‡‡‡‡‡ ‡‡‡ ‡‡‡‡‡‡‡‡‡‡‡‡‡‡‡‡‡ ‡‡‡ ‡‡‡ ‡‡‡ ‡
>‡. . . .‡#‡#‡.‡#‡.‡#‡#‡#‡#‡#‡#‡#‡#‡.‡#‡.‡#‡.‡#‡.‡
>‡ ‡‡‡‡‡‡‡‡‡‡‡ ‡‡‡ ‡‡‡‡‡‡‡‡‡‡‡‡‡‡‡‡‡ ‡‡‡ ‡‡‡ ‡‡‡ ‡
>‡.‡#‡#‡#‡#‡#‡.‡#‡. . . . . . .‡#‡#‡.‡#‡.‡#‡.‡#‡.‡
>‡ ‡‡‡‡‡‡‡‡‡‡‡ ‡‡‡‡‡‡‡‡‡‡‡‡‡‡‡ ‡‡‡‡‡ ‡‡‡ ‡‡‡ ‡‡‡ ‡
>‡.‡#‡. . . . .‡#‡#‡#‡#‡#‡#‡#‡.‡#‡#‡.‡#‡.‡#‡.‡#‡.‡
>‡ ‡‡‡ ‡‡‡ ‡‡‡ ‡‡‡‡‡‡‡‡‡‡‡‡‡‡‡ ‡‡‡‡‡ ‡‡‡ ‡‡‡ ‡‡‡ ‡
>‡.‡#‡.‡#‡.‡#‡.‡#‡. . . . .‡#‡. . . .‡#‡.‡#‡. . .‡
>‡ ‡‡‡ ‡‡‡ ‡‡‡ ‡‡‡ ‡‡‡‡‡‡‡ ‡‡‡‡‡‡‡‡‡ ‡‡‡ ‡‡‡‡‡‡‡‡‡
>‡.‡#‡.‡#‡.‡#‡.‡#‡.‡#‡#‡#‡.‡#‡#‡#‡#‡.‡#‡.‡#‡#‡#‡#‡
>‡ ‡‡‡ ‡‡‡ ‡‡‡ ‡‡‡ ‡‡‡‡‡‡‡ ‡‡‡‡‡‡‡‡‡ ‡‡‡ ‡‡‡‡‡‡‡‡‡
>‡.‡#‡.‡#‡.‡#‡.‡#‡D‡#‡. . . . . C‡#‡. . . . . . .‡
>‡ ‡‡‡ ‡‡‡ ‡‡‡ ‡‡‡ ‡‡‡ ‡‡‡ ‡‡‡‡‡‡‡‡‡ ‡‡‡‡‡‡‡ ‡‡‡ ‡
>‡. . .‡#‡.‡#‡. . .‡#‡.‡#‡.‡#‡#‡#‡#‡.‡#‡#‡#‡.‡#‡.‡
>‡‡‡‡‡‡‡‡‡ ‡‡‡‡‡‡‡‡‡‡‡ ‡‡‡ ‡‡‡‡‡‡‡‡‡‡‡‡‡‡‡‡‡‡‡‡‡ ‡
>‡#‡#‡#‡#‡.‡#‡#‡#‡#‡#‡.‡#‡.‡#‡#‡#‡#‡#‡#‡.‡#‡#‡#‡.‡
>‡‡‡‡‡‡‡‡‡ ‡‡‡‡‡‡‡‡‡‡‡ ‡‡‡ ‡‡‡‡‡‡‡‡‡‡‡‡‡ ‡‡‡‡‡‡‡ ‡
>‡. . .‡#‡. . . . A‡#‡.‡#‡.‡#‡#‡B . . . . . . . .‡
>‡ ‡‡‡ ‡‡‡ ‡‡‡‡‡‡‡‡‡‡‡ ‡‡‡ ‡‡‡‡‡‡‡ ‡‡‡‡‡‡‡‡‡‡‡‡‡‡‡
>‡.‡#‡.‡#‡.‡#‡#‡#‡#‡#‡.‡#‡.‡#‡#‡#‡.‡#‡#‡#‡#‡#‡#‡#‡
>‡ ‡‡‡ ‡‡‡ ‡‡‡‡‡‡‡‡‡‡‡ ‡‡‡ ‡‡‡‡‡‡‡ ‡‡‡‡‡‡‡‡‡‡‡‡‡‡‡
>‡.‡#‡. . .‡#‡.‡#‡. . .‡#‡.‡#‡. . . . . . . . . .‡
>‡ ‡‡‡‡‡‡‡ ‡‡‡ ‡‡‡‡‡‡‡‡‡‡‡‡‡‡‡ ‡‡‡‡‡‡‡ ‡‡‡‡‡‡‡‡‡‡‡
>‡.‡#‡#‡#‡. . .‡#‡#‡#‡#‡#‡#‡#‡.‡#‡#‡#‡.‡#‡#‡#‡#‡#‡
>‡ ‡‡‡‡‡‡‡ ‡‡‡ ‡‡‡‡‡‡‡‡‡‡‡‡‡‡‡ ‡‡‡‡‡‡‡ ‡‡‡‡‡‡‡‡‡‡‡
>‡. . . . .‡#‡. . . . .‡#‡.‡#‡.‡#‡. . . . . . . .‡
>‡‡‡ ‡‡‡‡‡‡‡‡‡‡‡‡‡‡‡‡‡ ‡‡‡ ‡‡‡ ‡‡‡ ‡‡‡‡‡‡‡‡‡‡‡‡‡ ‡
>‡#‡.‡#‡#‡#‡#‡#‡#‡#‡#‡.‡#‡.‡#‡.‡#‡.‡#‡#‡#‡#‡#‡#‡.‡
>‡‡‡‡‡‡‡‡‡‡‡‡‡‡‡‡‡‡‡‡‡ ‡‡‡ ‡‡‡ ‡‡‡ ‡‡‡‡‡‡‡‡‡‡‡‡‡ ‡
>‡#‡#‡#‡. . . . .‡#‡. .‡#‡.‡#‡.‡#‡.‡#‡. . . . . .‡
>‡‡‡‡‡‡‡ ‡‡‡‡‡‡‡ ‡‡‡ ‡‡‡‡‡ ‡‡‡ ‡‡‡ ‡‡‡ ‡‡‡‡‡‡‡‡‡‡‡
>‡#‡c‡#‡.‡#‡#‡#‡.‡#‡.‡#‡#‡.‡#‡.‡#‡.‡#‡.‡#‡#‡#‡#‡#‡
>‡‡‡ ‡‡‡ ‡‡‡‡‡‡‡ ‡‡‡ ‡‡‡‡‡ ‡‡‡ ‡‡‡ ‡‡‡ ‡‡‡‡‡‡‡‡‡‡‡
>‡. .‡#‡. . .‡#‡. . .‡#‡. .‡#‡.‡#‡.‡#‡. . . . d‡#‡
>‡ ‡‡‡‡‡‡‡‡‡ ‡‡‡‡‡‡‡‡‡‡‡   ‡‡‡ ‡‡‡ ‡‡‡ ‡‡‡‡‡‡‡‡‡‡‡
>‡.‡#‡#‡#‡#‡.‡#‡#‡#‡#‡#‡. .‡#‡.‡#‡.‡#‡.‡#‡#‡#‡#‡#‡
>‡ ‡‡‡‡‡‡‡‡‡ ‡‡‡‡‡‡‡‡‡‡‡   ‡‡‡ ‡‡‡ ‡‡‡ ‡‡‡‡‡‡‡‡‡‡‡
>‡. . . . . .‡#‡. . . . . .‡#‡. . .‡#‡. . . . . .‡
>‡‡‡‡‡‡‡‡‡‡‡‡‡‡‡‡‡‡‡‡‡‡‡‡‡‡‡‡‡‡‡‡‡‡‡‡‡‡‡‡‡‡‡‡‡‡‡‡‡